// Jest Snapshot v1, https://goo.gl/fbAQLP

exports[`App.vue App スナップショット 1`] = `
{
  "baseElement": <body>
    <div>
      <div
        class="wrap"
      >
        <h2>
          じゃんけん
        </h2>
        <p>
          0回目のじゃんけん
        </p>
        <p>
          あなたの手を選んでください
        </p>
        <div
          class="judgeWrapper"
        >
          <button>
            ぐー
          </button>
          <button>
            ちょき
          </button>
          <button>
            ぱー
          </button>
        </div>
        <div>
          <p>
            あなたの手は:  でした
          </p>
          <p>
            相手の手は:  でした
          </p>
        </div>
        <div>
          <p>
             結果: 
            <span
              class=""
            />
          </p>
          <p>
            勝ち数: 0
          </p>
          <p>
            負け数: 0
          </p>
          <p>
            引き分け数: 0
          </p>
        </div>
      </div>
    </div>
  </body>,
  "container": <div>
    <div
      class="wrap"
    >
      <h2>
        じゃんけん
      </h2>
      <p>
        0回目のじゃんけん
      </p>
      <p>
        あなたの手を選んでください
      </p>
      <div
        class="judgeWrapper"
      >
        <button>
          ぐー
        </button>
        <button>
          ちょき
        </button>
        <button>
          ぱー
        </button>
      </div>
      <div>
        <p>
          あなたの手は:  でした
        </p>
        <p>
          相手の手は:  でした
        </p>
      </div>
      <div>
        <p>
           結果: 
          <span
            class=""
          />
        </p>
        <p>
          勝ち数: 0
        </p>
        <p>
          負け数: 0
        </p>
        <p>
          引き分け数: 0
        </p>
      </div>
    </div>
  </div>,
  "debug": [Function],
  "emitted": [Function],
  "findAllByAltText": [Function],
  "findAllByDisplayValue": [Function],
  "findAllByLabelText": [Function],
  "findAllByPlaceholderText": [Function],
  "findAllByRole": [Function],
  "findAllByTestId": [Function],
  "findAllByText": [Function],
  "findAllByTitle": [Function],
  "findByAltText": [Function],
  "findByDisplayValue": [Function],
  "findByLabelText": [Function],
  "findByPlaceholderText": [Function],
  "findByRole": [Function],
  "findByTestId": [Function],
  "findByText": [Function],
  "findByTitle": [Function],
  "getAllByAltText": [Function],
  "getAllByDisplayValue": [Function],
  "getAllByLabelText": [Function],
  "getAllByPlaceholderText": [Function],
  "getAllByRole": [Function],
  "getAllByTestId": [Function],
  "getAllByText": [Function],
  "getAllByTitle": [Function],
  "getByAltText": [Function],
  "getByDisplayValue": [Function],
  "getByLabelText": [Function],
  "getByPlaceholderText": [Function],
  "getByRole": [Function],
  "getByTestId": [Function],
  "getByText": [Function],
  "getByTitle": [Function],
  "html": [Function],
  "queryAllByAltText": [Function],
  "queryAllByDisplayValue": [Function],
  "queryAllByLabelText": [Function],
  "queryAllByPlaceholderText": [Function],
  "queryAllByRole": [Function],
  "queryAllByTestId": [Function],
  "queryAllByText": [Function],
  "queryAllByTitle": [Function],
  "queryByAltText": [Function],
  "queryByDisplayValue": [Function],
  "queryByLabelText": [Function],
  "queryByPlaceholderText": [Function],
  "queryByRole": [Function],
  "queryByTestId": [Function],
  "queryByText": [Function],
  "queryByTitle": [Function],
  "rerender": [Function],
  "unmount": [Function],
}
`;
